fetch 2751
50 20260323001152 ok
100 20260319001262 ok
150 20260318000913 ok
200 20260317000496 ok
250 20260316001593 ok
300 20260316001421 ok
350 20260316001225 ok
400 20260316001040 ok
450 20260316000840 ok
500 20260316000664 ok
539 20260316000480 fail_s
540 20260316000475 fail_s
541 20260316000471 no_toc
542 20260316000472 no_toc
543 20260316000464 no_toc
544 20260316000467 no_toc
545 20260316000460 no_toc
546 20260316000459 no_toc
547 20260316000455 no_toc
548 20260316000454 no_toc
549 20260316000448 no_toc
550 20260316000438 no_toc
551 20260316000432 no_toc
552 20260316000429 no_toc
553 20260316000428 no_toc
554 20260316000419 no_toc
555 20260316000417 no_toc
556 20260316000416 no_toc
557 20260316000406 no_toc
558 20260316000405 no_toc
