fetch 666
50 20260923000610 ok
61 20260921000422 no_toc
62 20260922000038 fail_s
63 20260921000207 no_toc
64 20260921000373 no_toc
65 20260921000094 no_toc
66 20260921000029 no_toc
67 20260918000306 no_toc
68 20260918000198 no_toc
69 20260918000170 no_toc
70 20260918000096 no_toc
71 20260918000023 no_toc
72 20260917000360 no_toc
73 20260917000348 no_toc
74 20260917000279 no_toc
75 20260917000273 no_toc
76 20260917000219 no_toc
77 20260916000468 no_toc
78 20260916000418 no_toc
79 20260916000337 no_toc
80 20260916000173 no_toc
