fetch 2711
100 20260319001864 ok
200 20260317000481 ok
300 20260316002257 ok
400 20260316001545 cached
500 20260316000824 ok
600 20260316000094 cached
700 20260313001285 cached
800 20260313000461 cached
900 20260312002092 cached
1000 20260312001356 cached
1100 20260312000665 cached
1200 20260312000067 cached
1300 20260311001960 cached
1400 20260311001337 cached
1500 20260311000783 cached
1600 20260311000300 cached
1700 20260310001478 cached
1800 20260310000577 cached
1900 20260309001091 cached
2000 20260309000272 cached
2100 20260306000756 cached
2200 20260305001189 cached
2300 20260304001099 cached
2400 20260303000479 cached
2500 20260225001883 cached
2600 20260224000436 ok
2700 20260209000245 cached
done
