fetch 2696
100 20250320000670 ok
200 20250317000158 ok
300 20250314001732 ok
400 20250314001105 ok
500 20250314000481 ok
600 20250313002353 ok
700 20250313001734 ok
800 20250313001200 ok
900 20250313000604 ok
1000 20250313000079 ok
1100 20250312001002 ok
1200 20250312000331 ok
1300 20250311001744 ok
1400 20250311001254 ok
1500 20250311000791 ok
1600 20250311000300 ok
1700 20250310001040 ok
1800 20250310000380 ok
1900 20250307001025 ok
2000 20250307000187 ok
2100 20250306000608 ok
2200 20250305000855 ok
2300 20250304000868 ok
2400 20250228000006 ok
2500 20250225000982 ok
2600 20250221000188 ok
done
