fetch 2711
100 20260319001864 ok
200 20260317000481 ok
300 20260316002257 ok
400 20260316001545 ok
500 20260316000824 ok
600 20260316000094 ok
700 20260313001285 ok
800 20260313000461 ok
900 20260312002092 ok
1000 20260312001356 ok
1100 20260312000665 ok
1200 20260312000067 ok
1300 20260311001960 ok
1400 20260311001337 ok
1500 20260311000783 ok
1600 20260311000300 ok
1700 20260310001478 ok
1800 20260310000577 ok
1900 20260309001091 ok
2000 20260309000272 ok
2100 20260306000756 ok
2200 20260305001189 ok
2300 20260304001099 ok
2400 20260303000479 ok
2500 20260225001867 ok
