fetch 2696
100 20250320000670 ok
200 20250317000185 ok
300 20250314001721 cached
400 20250314001088 cached
500 20250314000625 ok
600 20250313002350 cached
700 20250313001734 cached
800 20250313001198 cached
900 20250313000601 cached
1000 20250313000076 cached
1100 20250312000998 cached
1200 20250312000307 cached
1300 20250311001742 cached
1400 20250311001342 ok
1500 20250311000789 cached
1600 20250311000300 cached
1700 20250310001039 cached
1800 20250310000377 cached
1900 20250307001019 cached
2000 20250307000180 cached
2100 20250306000606 cached
2200 20250305000847 cached
2300 20250304000856 cached
2400 20250228000006 cached
2500 20250225000981 cached
2600 20250221000988 ok
done
